# Portfolio Status: All clean! ✨

You have successfully resolved all structural errors, outdated paths, template metadata, and bad connections in the codebase!

Happy coding!
